PACK-96 tamam. Üretim + doğrulama gerçek çıktılarla yapıldı; hiçbir mevcut marka dosyası değiştirilmedi (5 kaynak dosyanın mtime'ı Sep 19'da sabit), repo'ya commit yok, FTP/canlı erişim yok.

Seçilen kaynak
  02-icerik/Logo ve Marka/sutre-logo-header-trans.png (3504×2336, RGBA)
  Ölçüm: ink bbox (635,978,2873,1327) → wordmark 2238×349, oran 6.4126; bbox dışında alfa>0 piksel YOK (maks alfa 0); çekirdek harf rengi (27,27,26) ≈ Ink #1A1A1A; kırpılan içerikte yalnız SUTRE harfleri (ek metin/"SCARFS" yok, gözle teyit).
  Elenen adaylar: square 2880×2880 (bone, 1891×298), header 2267×380 (2234×345), footer çifti (Bone renkli harf + koyu gölge → açık zeminde kullanılamaz, oran 7.39–7.59), hero-lockup-trans (oran 4.008).

Üretim yöntemi
  /usr/bin/python3 3.9.6 + Pillow 11.3.0 (numpy yok): ink bbox trim → alfa kapsamalı düz Ink katmanı → kademeli yarıya indirme + LANCZOS → 300×100 tuvale yatay+dikey ortalama. Kurulum/indirme yapılmadı, sips yalnız doğrulamada. Betik: ~/.hermes/profiles/designer/cache/scratch/p96/build_paytr_logo.py

Ham doğrulama
  sips: paytr-logo-300x100.png → 300×100 · png · hasAlpha no
        paytr-logo-300x100-seffaf.png → 300×100 · png · hasAlpha yes
        paytr-logo-preview.png → 700×400 · png
        instagram-kare-daire-onizleme.png → 760×560 · png
  Boyutlar (ls -l, hedef ≤200 KB): 6.571 B · 4.491 B · 36.791 B · 128.949 B
  Yerleşim: wordmark 295×46, x=2 y=27; yatay marj 2/3 px, dikey 27/27 px; oran 6.4130 (kaynak 6.4126 → sapma %0.0068); zemin (0,0) = (245,242,236) = Bone #F5F2EC; saydam varyantta (0,0) alfa = 0, kısmi alfa pikselleri de dahil tüm RGB tam (26,26,26) = Ink (premultiply hatası düzeltildi, saydamı Bone üzerine kompozit edince bone dosyasıyla maks fark 0)
  Okunurluk: wordmark ink yüksekliği 46 px (eşik ≥34 px)
  Kontrast (WCAG): Ink/Bone 15.58:1 · Ink/Marine 1.45:1

Instagram daire kontrolü — sayısal
  Kare 2880×2880; wordmark ink bbox x 508..2398, y 1275..1572 (W=1891 ≤ 2880, H=298)
  Kare merkezi (1440.0 ; 1440.0), wordmark merkezi (1453.0 ; 1423.5) → sapma (13.0 ; −16.5) px
  Köşe yarıçapları 946.5 / 941.3 / 972.1 / 967.1; en uzak 972.1 px; daire R=1440 → pay 467.9 px
  110 px gösterimde yarıçap 37.1 px, R 55 → pay 17.9 px; daire dışında kalan wordmark pikseli: 0 → klipsiz

Dosyalar
  /Users/salihsungur/Desktop/SUTRE/03-yayin/paytr-logo-300x100.png
  /Users/salihsungur/Desktop/SUTRE/03-yayin/paytr-logo-300x100-seffaf.png
  /Users/salihsungur/Desktop/SUTRE/05-raporlar/paytr-logo-preview.png
  /Users/salihsungur/Desktop/SUTRE/05-raporlar/instagram-kare-daire-onizleme.png
Rapor: /Users/salihsungur/Desktop/SUTRE/01-repo/dispatch/out/out-96-paytr-logo.md (399 kelime)

YAPILAMADI / ölçülen sınırlar
  - PayTR paneline yükleme yapılmadı (paket §4) → sizin adımınız.
  - §3.1'deki "üç dosya 300×100" varsayımı ölçümle uyuşmuyor: iki dosya 300×100; önizlemeler 700×400 ve 760×560.
  - 300×100'de dikey marj 27 px (6.41:1 oranın 3:1 tuvale sığdırılmasının sonucu); saydam varyantta Ink koyu zeminde 1.45:1 kontrast veriyor — koyu panelde bone zeminli varyant 15.58:1.

session_id: 20260926_132706_342d09
